<?xml version="1.0" encoding="utf-8"?><testsuite errors="0" failures="0" name="pytest" skipped="0" tests="5" time="0.559"><testcase classname="test.test_bioblocks_server" file="test/test_bioblocks_server.py" line="22" name="test_vignette_endpoint" time="0.038"></testcase><testcase classname="test.test_bioblocks_server" file="test/test_bioblocks_server.py" line="29" name="test_visualization_endpoint" time="0.004"></testcase><testcase classname="test.test_bioblocks_server" file="test/test_bioblocks_server.py" line="36" name="test_dataset_endpoint" time="0.004"></testcase><testcase classname="test.test_bioblocks_server" file="test/test_bioblocks_server.py" line="43" name="test_analysis_endpoint" time="0.004"></testcase><testcase classname="test.test_bioblocks_server" file="test/test_bioblocks_server.py" line="50" name="test_job_endpoint" time="0.004"></testcase></testsuite>